******************************************************************************
                  TI ARM Linker PC v16.9.4                     
******************************************************************************
>> Linked Sun Aug 27 11:26:54 2023

OUTPUT FILE NAME:   <state_machine.out>
ENTRY POINT SYMBOL: "_c_int00"  address: 0000104d


MEMORY CONFIGURATION

         name            origin    length      used     unused   attr    fill
----------------------  --------  ---------  --------  --------  ----  --------
  FLASH                 00000000   00040000  000011fc  0003ee04  R  X
  SRAM                  20000000   00008000  000002a2  00007d5e  RW X


SEGMENT ALLOCATION MAP

run origin  load origin   length   init length attrs members
----------  ----------- ---------- ----------- ----- -------
00000000    00000000    00001200   00001200    r-x
  00000000    00000000    0000026c   0000026c    r-- .intvecs
  0000026c    0000026c    00000f40   00000f40    r-x .text
  000011b0    000011b0    00000050   00000050    r-- .cinit
20000000    20000000    000002a2   00000000    rw-
  20000000    20000000    00000200   00000000    rw- .stack
  20000200    20000200    0000008c   00000000    rw- .data
  2000028c    2000028c    00000016   00000000    rw- .bss


SECTION ALLOCATION MAP

 output                                  attributes/
section   page    origin      length       input sections
--------  ----  ----------  ----------   ----------------
.intvecs   0    00000000    0000026c     
                  00000000    0000026c     tm4c123gh6pm_startup_ccs.obj (.intvecs)

.text      0    0000026c    00000f40     
                  0000026c    00000420     Calc.obj (.text)
                  0000068c    000002d8     DIO.obj (.text)
                  00000964    0000021c     main.obj (.text)
                  00000b80    00000208     lcd.obj (.text)
                  00000d88    000000d4     keypad.obj (.text)
                  00000e5c    0000009c     rtsv7M4_T_le_v4SPD16_eabi.lib : memcpy_t2.obj (.text)
                  00000ef8    0000007a                                   : memset_t2.obj (.text)
                  00000f72    00000002                                   : mpu_init.obj (.text)
                  00000f74    00000070                                   : autoinit.obj (.text)
                  00000fe4    00000068                                   : copy_decompress_lzss.obj (.text:decompress:lzss)
                  0000104c    00000054                                   : boot.obj (.text)
                  000010a0    00000054                                   : exit.obj (.text)
                  000010f4    0000004c                                   : cpy_tbl.obj (.text)
                  00001140    00000018                                   : args_main.obj (.text)
                  00001158    00000014                                   : _lock.obj (.text)
                  0000116c    00000014                                   : strlen.obj (.text)
                  00001180    0000000e                                   : copy_decompress_none.obj (.text:decompress:none)
                  0000118e    0000000c                                   : copy_zero_init.obj (.text:decompress:ZI)
                  0000119a    0000000c     tm4c123gh6pm_startup_ccs.obj (.text)
                  000011a6    00000004     rtsv7M4_T_le_v4SPD16_eabi.lib : pre_init.obj (.text)
                  000011aa    00000002                                   : startup.obj (.text)

.cinit     0    000011b0    00000050     
                  000011b0    00000029     (.cinit..data.load) [load image, compression = lzss]
                  000011d9    00000003     --HOLE-- [fill = 0]
                  000011dc    0000000c     (__TI_handler_table)
                  000011e8    00000008     (.cinit..bss.load) [load image, compression = zero_init]
                  000011f0    00000010     (__TI_cinit_table)

.init_array 
*          0    00000000    00000000     UNINITIALIZED

.stack     0    20000000    00000200     UNINITIALIZED
                  20000000    00000200     --HOLE--

.data      0    20000200    0000008c     UNINITIALIZED
                  20000200    00000028     Calc.obj (.data:Num)
                  20000228    00000028     Calc.obj (.data:score)
                  20000250    00000010     keypad.obj (.data:KeyPad)
                  20000260    0000000c     rtsv7M4_T_le_v4SPD16_eabi.lib : exit.obj (.data:$O1$$)
                  2000026c    0000000a     Calc.obj (.data:operation)
                  20000276    00000002     --HOLE--
                  20000278    00000008     rtsv7M4_T_le_v4SPD16_eabi.lib : _lock.obj (.data:$O1$$)
                  20000280    00000005     main.obj (.data)
                  20000285    00000003     --HOLE--
                  20000288    00000004     rtsv7M4_T_le_v4SPD16_eabi.lib : stkdepth_vars.obj (.data)

.bss       0    2000028c    00000016     UNINITIALIZED
                  2000028c    00000014     Calc.obj (.bss:myString$1)
                  200002a0    00000001     (.common:INT)
                  200002a1    00000001     (.common:i)

MODULE SUMMARY

       Module                         code   ro data   rw data
       ------                         ----   -------   -------
    .\
       Calc.obj                       1056   0         110    
       DIO.obj                        728    0         0      
       tm4c123gh6pm_startup_ccs.obj   12     620       0      
       main.obj                       540    0         7      
       lcd.obj                        520    0         0      
       keypad.obj                     212    0         16     
    +--+------------------------------+------+---------+---------+
       Total:                         3068   620       133    
                                                              
    C:\ti\ccsv7\tools\compiler\ti-cgt-arm_16.9.4.LTS\lib\rtsv7M4_T_le_v4SPD16_eabi.lib
       memcpy_t2.obj                  156    0         0      
       memset_t2.obj                  122    0         0      
       autoinit.obj                   112    0         0      
       copy_decompress_lzss.obj       104    0         0      
       exit.obj                       84     0         12     
       boot.obj                       84     0         0      
       cpy_tbl.obj                    76     0         0      
       _lock.obj                      20     0         8      
       args_main.obj                  24     0         0      
       strlen.obj                     20     0         0      
       copy_decompress_none.obj       14     0         0      
       copy_zero_init.obj             12     0         0      
       pre_init.obj                   4      0         0      
       stkdepth_vars.obj              0      0         4      
       mpu_init.obj                   2      0         0      
       startup.obj                    2      0         0      
    +--+------------------------------+------+---------+---------+
       Total:                         836    0         24     
                                                              
       Stack:                         0      0         512    
       Linker Generated:              0      77        0      
    +--+------------------------------+------+---------+---------+
       Grand Total:                   3904   697       669    


LINKER GENERATED COPY TABLES

__TI_cinit_table @ 000011f0 records: 2, size/record: 8, table size: 16
	.data: load addr=000011b0, load size=00000029 bytes, run addr=20000200, run size=0000008c bytes, compression=lzss
	.bss: load addr=000011e8, load size=00000008 bytes, run addr=2000028c, run size=00000016 bytes, compression=zero_init


LINKER GENERATED HANDLER TABLE

__TI_handler_table @ 000011dc records: 3, size/record: 4, table size: 12
	index: 0, handler: __TI_decompress_lzss
	index: 1, handler: __TI_decompress_none
	index: 2, handler: __TI_zero_init


GLOBAL SYMBOLS: SORTED ALPHABETICALLY BY Name 

address   name                           
-------   ----                           
000010a1  C$$EXIT                        
20000281  COL                            
0000068d  DIO_Init                       
00000965  GPIO_PORTD_handler             
200002a0  INT                            
20000250  KeyPad                         
00000d89  KeyPad_Init                    
20000283  PressedBTN                     
00000c7f  Printdata                      
20000280  ROW                            
0000119b  ResetISR                       
UNDEFED   SHT$$INIT_ARRAY$$Base          
UNDEFED   SHT$$INIT_ARRAY$$Limit         
000002bf  Write_Num_LCD                  
000002fb  Write_Operation_LCD            
20000200  __STACK_END                    
00000200  __STACK_SIZE                   
20000200  __STACK_TOP                    
000011f0  __TI_CINIT_Base                
00001200  __TI_CINIT_Limit               
000011dc  __TI_Handler_Table_Base        
000011e8  __TI_Handler_Table_Limit       
00000f75  __TI_auto_init                 
20000260  __TI_cleanup_ptr               
00000fe5  __TI_decompress_lzss           
00001181  __TI_decompress_none           
20000264  __TI_dtors_ptr                 
20000268  __TI_enable_exit_profile_output
ffffffff  __TI_pprof_out_hndl            
ffffffff  __TI_prof_data_size            
ffffffff  __TI_prof_data_start           
00000000  __TI_static_base__             
0000118f  __TI_zero_init                 
00000ef9  __aeabi_memclr                 
00000ef9  __aeabi_memclr4                
00000ef9  __aeabi_memclr8                
00000e5d  __aeabi_memcpy                 
00000e5d  __aeabi_memcpy4                
00000e5d  __aeabi_memcpy8                
00000efb  __aeabi_memset                 
00000efb  __aeabi_memset4                
00000efb  __aeabi_memset8                
ffffffff  __binit__                      
ffffffff  __c_args__                     
00000f73  __mpu_init                     
20000000  __stack                        
00001141  _args_main                     
0000104d  _c_int00                       
20000278  _lock                          
00001167  _nop                           
0000115f  _register_lock                 
00001159  _register_unlock               
000011ab  _system_post_cinit             
000011a7  _system_pre_init               
2000027c  _unlock                        
000010a5  abort                          
ffffffff  binit                          
0000032f  calculate                      
000010f5  copy_in                        
00000ad5  delay_ms                       
00000b17  delay_us                       
0000026d  evaluateOneOperation           
000010ad  exit                           
20000282  flag                           
00000000  g_pfnVectors                   
200002a1  i                              
20000284  index                          
000005c5  integer_to_string              
00000bbf  lcd_cmd                        
00000b81  lcd_data                       
00000c2d  lcd_init                       
00000c5b  lcd_moveCursor                 
00000665  lcd_printLong                  
00000bfd  lcd_string                     
0000098b  main                           
20000288  main_func_sp                   
00000e5d  memcpy                         
00000f01  memset                         
000004cf  sortNegatives                  
00000555  sortNegativesChar              
0000116d  strlen                         


GLOBAL SYMBOLS: SORTED BY Symbol Address 

address   name                           
-------   ----                           
00000000  __TI_static_base__             
00000000  g_pfnVectors                   
00000200  __STACK_SIZE                   
0000026d  evaluateOneOperation           
000002bf  Write_Num_LCD                  
000002fb  Write_Operation_LCD            
0000032f  calculate                      
000004cf  sortNegatives                  
00000555  sortNegativesChar              
000005c5  integer_to_string              
00000665  lcd_printLong                  
0000068d  DIO_Init                       
00000965  GPIO_PORTD_handler             
0000098b  main                           
00000ad5  delay_ms                       
00000b17  delay_us                       
00000b81  lcd_data                       
00000bbf  lcd_cmd                        
00000bfd  lcd_string                     
00000c2d  lcd_init                       
00000c5b  lcd_moveCursor                 
00000c7f  Printdata                      
00000d89  KeyPad_Init                    
00000e5d  __aeabi_memcpy                 
00000e5d  __aeabi_memcpy4                
00000e5d  __aeabi_memcpy8                
00000e5d  memcpy                         
00000ef9  __aeabi_memclr                 
00000ef9  __aeabi_memclr4                
00000ef9  __aeabi_memclr8                
00000efb  __aeabi_memset                 
00000efb  __aeabi_memset4                
00000efb  __aeabi_memset8                
00000f01  memset                         
00000f73  __mpu_init                     
00000f75  __TI_auto_init                 
00000fe5  __TI_decompress_lzss           
0000104d  _c_int00                       
000010a1  C$$EXIT                        
000010a5  abort                          
000010ad  exit                           
000010f5  copy_in                        
00001141  _args_main                     
00001159  _register_unlock               
0000115f  _register_lock                 
00001167  _nop                           
0000116d  strlen                         
00001181  __TI_decompress_none           
0000118f  __TI_zero_init                 
0000119b  ResetISR                       
000011a7  _system_pre_init               
000011ab  _system_post_cinit             
000011dc  __TI_Handler_Table_Base        
000011e8  __TI_Handler_Table_Limit       
000011f0  __TI_CINIT_Base                
00001200  __TI_CINIT_Limit               
20000000  __stack                        
20000200  __STACK_END                    
20000200  __STACK_TOP                    
20000250  KeyPad                         
20000260  __TI_cleanup_ptr               
20000264  __TI_dtors_ptr                 
20000268  __TI_enable_exit_profile_output
20000278  _lock                          
2000027c  _unlock                        
20000280  ROW                            
20000281  COL                            
20000282  flag                           
20000283  PressedBTN                     
20000284  index                          
20000288  main_func_sp                   
200002a0  INT                            
200002a1  i                              
ffffffff  __TI_pprof_out_hndl            
ffffffff  __TI_prof_data_size            
ffffffff  __TI_prof_data_start           
ffffffff  __binit__                      
ffffffff  __c_args__                     
ffffffff  binit                          
UNDEFED   SHT$$INIT_ARRAY$$Base          
UNDEFED   SHT$$INIT_ARRAY$$Limit         

[81 symbols]
